---
source: tests/cli.rs
info:
  program: losrs
  args:
    - show
    - /tmp/.tmpVwupTQ
    - "--help"
  page_lines:
    - - ""
---
success: true
exit_code: 0
----- stdout -----
print cards

Usage: losrs show [OPTIONS] <PATH> [PROMPT_FINGERPRINT]

Arguments:
  <PATH>                The path to the file to read
  [PROMPT_FINGERPRINT]  Fingerprint of the card's prompt. Use metadata command to find one

Options:
      --format <FORMAT>  [default: clean] [possible values: clean, typst, sixel, storage]
      --ppi <PPI>        Pixel density in PPI (Pixels Per Inch). Used with image based formats [default: 96]
  -h, --help             Print help

----- stderr -----
