---
source: tests/cli.rs
info:
  program: logseq-srs
  args:
    - cards-in-file
    - /tmp/.tmpJBpfOi/page.md
    - "--output=metadata"
---
success: true
exit_code: 0
----- stdout -----
CardMetadata {
  source_path        : [TMP_DIR]/page.md
  prompt_fingerprint : 0x219dda4ed3b53642
  prompt_prefix      : What is a sphere? #card
}

----- stderr -----
