---
source: tests/cli.rs
info:
  program: losrs
  args:
    - metadata
    - /tmp/.tmp1rqdCy
    - "--help"
  page_lines:
    - - ""
---
success: true
exit_code: 0
----- stdout -----
prints metadata for cards

Usage: losrs metadata <PATH> [PROMPT_FINGERPRINT]

Arguments:
  <PATH>                The path to the file to read
  [PROMPT_FINGERPRINT]  Fingerprint of the card's prompt. Use metadata command to find one

Options:
  -h, --help  Print help

----- stderr -----
