---
source: tests/output.rs
info:
  program: losrs
  args:
    - "--config=[TMP_DIR]/losrs.toml"
    - metadata
    - "--help"
  envs: {}
  page_lines:
    - - ""
---
success: true
exit_code: 0
----- stdout -----
Print metadata for cards

Usage: losrs metadata <PATH> [CARD_ID]

Arguments:
  <PATH>     The path to the page file or graph root directory
  [CARD_ID]  Card's serial number or fingerprint of the card's prompt. Use `metadata` command to find either

Options:
  -h, --help  Print help

----- stderr -----
